Release 14.7 - xst P.20131013 (nt64)
Copyright (c) 1995-2013 Xilinx, Inc.  All rights reserved.
--> Parameter TMPDIR set to xst/projnav.tmp


Total REAL time to Xst completion: 0.00 secs
Total CPU time to Xst completion: 0.10 secs
 
--> Parameter xsthdpdir set to xst


Total REAL time to Xst completion: 0.00 secs
Total CPU time to Xst completion: 0.10 secs
 
--> Reading design: top_testMF.prj

TABLE OF CONTENTS
  1) Synthesis Options Summary
  2) HDL Parsing
  3) HDL Elaboration
  4) HDL Synthesis
       4.1) HDL Synthesis Report
  5) Advanced HDL Synthesis
       5.1) Advanced HDL Synthesis Report
  6) Low Level Synthesis
  7) Partition Report
  8) Design Summary
       8.1) Primitive and Black Box Usage
       8.2) Device utilization summary
       8.3) Partition Resource Summary
       8.4) Timing Report
            8.4.1) Clock Information
            8.4.2) Asynchronous Control Signals Information
            8.4.3) Timing Summary
            8.4.4) Timing Details
            8.4.5) Cross Clock Domains Report


=========================================================================
*                      Synthesis Options Summary                        *
=========================================================================
---- Source Parameters
Input File Name                    : "top_testMF.prj"
Ignore Synthesis Constraint File   : NO

---- Target Parameters
Output File Name                   : "top_testMF"
Output Format                      : NGC
Target Device                      : xc7vx330t-3-ffg1157

---- Source Options
Top Module Name                    : top_testMF
Automatic FSM Extraction           : YES
FSM Encoding Algorithm             : Auto
Safe Implementation                : No
FSM Style                          : LUT
RAM Extraction                     : Yes
RAM Style                          : Auto
ROM Extraction                     : Yes
Shift Register Extraction          : YES
ROM Style                          : Auto
Resource Sharing                   : YES
Asynchronous To Synchronous        : NO
Shift Register Minimum Size        : 2
Use DSP Block                      : Auto
Automatic Register Balancing       : No

---- Target Options
LUT Combining                      : Auto
Reduce Control Sets                : Auto
Add IO Buffers                     : YES
Global Maximum Fanout              : 100000
Add Generic Clock Buffer(BUFG)     : 32
Register Duplication               : YES
Optimize Instantiated Primitives   : NO
Use Clock Enable                   : Auto
Use Synchronous Set                : Auto
Use Synchronous Reset              : Auto
Pack IO Registers into IOBs        : Auto
Equivalent register Removal        : YES

---- General Options
Optimization Goal                  : Speed
Optimization Effort                : 1
Power Reduction                    : NO
Keep Hierarchy                     : No
Netlist Hierarchy                  : As_Optimized
RTL Output                         : Yes
Global Optimization                : AllClockNets
Read Cores                         : YES
Write Timing Constraints           : NO
Cross Clock Analysis               : NO
Hierarchy Separator                : /
Bus Delimiter                      : <>
Case Specifier                     : Maintain
Slice Utilization Ratio            : 100
BRAM Utilization Ratio             : 100
DSP48 Utilization Ratio            : 100
Auto BRAM Packing                  : NO
Slice Utilization Ratio Delta      : 5

---- Other Options
Cores Search Directories           : {"ipcore_dir"  }

=========================================================================


=========================================================================
*                          HDL Parsing                                  *
=========================================================================
Analyzing Verilog file "E:\MF\MedianFilter.v" into library work
Parsing module <MedianFilter>.
Analyzing Verilog file "E:\MF\ipcore_dir\Mvram_x.v" into library work
Parsing module <Mvram_x>.
Analyzing Verilog file "E:\MF\top_testMF.v" into library work
Parsing module <top_testMF>.

=========================================================================
*                            HDL Elaboration                            *
=========================================================================

Elaborating module <top_testMF>.

Elaborating module <MedianFilter>.
WARNING:HDLCompiler:413 - "E:\MF\MedianFilter.v" Line 56: Result of 9-bit expression is truncated to fit in 8-bit target.
WARNING:HDLCompiler:413 - "E:\MF\MedianFilter.v" Line 163: Result of 32-bit expression is truncated to fit in 16-bit target.

Elaborating module <Mvram_x>.
WARNING:HDLCompiler:1499 - "E:\MF\ipcore_dir\Mvram_x.v" Line 39: Empty module <Mvram_x> remains a black box.

=========================================================================
*                           HDL Synthesis                               *
=========================================================================

Synthesizing Unit <top_testMF>.
    Related source file is "E:\MF\top_testMF.v".
    Summary:
	no macro.
Unit <top_testMF> synthesized.

Synthesizing Unit <MedianFilter>.
    Related source file is "E:\MF\MedianFilter.v".
        idle = 3'b000
        cout = 3'b001
        gen = 3'b010
        mfgen = 3'b011
        waiting = 3'b100
        s0 = 2'b00
        s1 = 2'b01
        s2 = 2'b10
        endstate = 5'b01010
    Found 9-bit register for signal <idata>.
    Found 2-bit register for signal <dataState>.
    Found 3-bit register for signal <state>.
    Found 1-bit register for signal <data_fin>.
    Found 1-bit register for signal <wmv>.
    Found 1-bit register for signal <cout_fin>.
    Found 8-bit register for signal <center_x>.
    Found 8-bit register for signal <center_y>.
    Found 2-bit register for signal <c0>.
    Found 1-bit register for signal <halt>.
    Found 1-bit register for signal <gen_fin>.
    Found 1-bit register for signal <mfgen_start>.
    Found 5-bit register for signal <c1>.
    Found 1-bit register for signal <data_call>.
    Found 4-bit register for signal <nncounter>.
    Found 8-bit register for signal <addr_col>.
    Found 8-bit register for signal <addr_row>.
    Found 72-bit register for signal <n0316[71:0]>.
    Found 4-bit register for signal <c2>.
    Found 1-bit register for signal <mfgen_fin>.
    Found 81-bit register for signal <n0317[80:0]>.
    Found 9-bit register for signal <medfilt_data>.
    Found finite state machine <FSM_0> for signal <dataState>.
    -----------------------------------------------------------------------
    | States             | 3                                              |
    | Transitions        | 11                                             |
    | Inputs             | 6                                              |
    | Outputs            | 4                                              |
    | Clock              | CLK (rising_edge)                              |
    | Reset              | reset (positive)                               |
    | Reset type         | asynchronous                                   |
    | Reset State        | 00                                             |
    | Encoding           | auto                                           |
    | Implementation     | LUT                                            |
    -----------------------------------------------------------------------
    Found finite state machine <FSM_1> for signal <c0>.
    -----------------------------------------------------------------------
    | States             | 3                                              |
    | Transitions        | 6                                              |
    | Inputs             | 1                                              |
    | Outputs            | 3                                              |
    | Clock              | CLK (rising_edge)                              |
    | Reset              | _n0706 (positive)                              |
    | Reset type         | synchronous                                    |
    | Reset State        | 00                                             |
    | Encoding           | auto                                           |
    | Implementation     | LUT                                            |
    -----------------------------------------------------------------------
    Found 9-bit subtractor for signal <GND_2_o_GND_2_o_sub_43_OUT> created at line 163.
    Found 32-bit subtractor for signal <GND_2_o_GND_2_o_sub_46_OUT> created at line 163.
    Found 9-bit subtractor for signal <GND_2_o_GND_2_o_sub_47_OUT> created at line 163.
    Found 32-bit subtractor for signal <GND_2_o_GND_2_o_sub_50_OUT> created at line 163.
    Found 8-bit subtractor for signal <center_x[7]_GND_2_o_sub_77_OUT> created at line 262.
    Found 8-bit subtractor for signal <center_y[7]_GND_2_o_sub_78_OUT> created at line 263.
    Found 8-bit adder for signal <center_y[7]_GND_2_o_add_22_OUT> created at line 134.
    Found 8-bit adder for signal <center_x[7]_GND_2_o_add_23_OUT> created at line 137.
    Found 32-bit adder for signal <GND_2_o_GND_2_o_add_44_OUT> created at line 163.
    Found 32-bit adder for signal <GND_2_o_GND_2_o_add_48_OUT> created at line 163.
    Found 5-bit adder for signal <c1[4]_GND_2_o_add_73_OUT> created at line 248.
    Found 4-bit adder for signal <nncounter[3]_GND_2_o_add_96_OUT> created at line 282.
    Found 4-bit adder for signal <c2[3]_GND_2_o_add_283_OUT> created at line 396.
    Found 32x8-bit multiplier for signal <n0342> created at line 163.
    Found 32x8-bit multiplier for signal <n0346> created at line 163.
    Found 8x3-bit Read Only RAM for signal <_n1217>
    Found 1-bit 5-to-1 multiplexer for signal <state[2]_next_state[2]_wide_mux_13_OUT<0>> created at line 68.
WARNING:Xst:737 - Found 1-bit latch for signal <tmp_sig>. Latches may be generated from incomplete case or if statements. We do not recommend the use of latches in FPGA/CPLD designs, as they may lead to timing problems.
WARNING:Xst:737 - Found 1-bit latch for signal <next_state<2>>. Latches may be generated from incomplete case or if statements. We do not recommend the use of latches in FPGA/CPLD designs, as they may lead to timing problems.
WARNING:Xst:737 - Found 1-bit latch for signal <next_state<1>>. Latches may be generated from incomplete case or if statements. We do not recommend the use of latches in FPGA/CPLD designs, as they may lead to timing problems.
WARNING:Xst:737 - Found 1-bit latch for signal <next_state<0>>. Latches may be generated from incomplete case or if statements. We do not recommend the use of latches in FPGA/CPLD designs, as they may lead to timing problems.
    Found 8-bit comparator equal for signal <center_x[7]_width[7]_equal_22_o> created at line 131
    Found 8-bit comparator greater for signal <height[7]_center_y[7]_LessThan_27_o> created at line 143
    Found 8-bit comparator greater for signal <addr_col[7]_GND_2_o_LessThan_54_o> created at line 181
    Found 8-bit comparator greater for signal <width[7]_addr_col[7]_LessThan_55_o> created at line 182
    Found 8-bit comparator greater for signal <addr_row[7]_GND_2_o_LessThan_56_o> created at line 183
    Found 8-bit comparator greater for signal <height[7]_addr_row[7]_LessThan_57_o> created at line 184
    Found 4-bit comparator greater for signal <n0108> created at line 281
    Found 4-bit comparator greater for signal <GND_2_o_nncounter[3]_LessThan_287_o> created at line 398
    Found 4-bit comparator greater for signal <GND_2_o_nncounter[3]_LessThan_289_o> created at line 399
    Found 4-bit comparator greater for signal <GND_2_o_nncounter[3]_LessThan_291_o> created at line 400
    Found 4-bit comparator greater for signal <GND_2_o_nncounter[3]_LessThan_293_o> created at line 401
    Found 4-bit comparator greater for signal <GND_2_o_nncounter[3]_LessThan_295_o> created at line 402
    Found 4-bit comparator greater for signal <GND_2_o_nncounter[3]_LessThan_297_o> created at line 403
    Found 8-bit comparator lessequal for signal <n0209> created at line 440
    Found 8-bit comparator greater for signal <n0211> created at line 440
    Found 8-bit comparator lessequal for signal <n0215> created at line 440
    Found 8-bit comparator greater for signal <n0217> created at line 440
    Found 8-bit comparator lessequal for signal <n0221> created at line 440
    Found 8-bit comparator greater for signal <n0223> created at line 440
    Found 8-bit comparator greater for signal <tmp_data[1][7]_tmp_data[2][7]_LessThan_321_o> created at line 447
    Found 8-bit comparator greater for signal <tmp_data[0][7]_tmp_data[2][7]_LessThan_322_o> created at line 447
    Found 8-bit comparator greater for signal <tmp_data[2][7]_tmp_data[1][7]_LessThan_325_o> created at line 447
    Found 8-bit comparator greater for signal <tmp_data[2][7]_tmp_data[0][7]_LessThan_326_o> created at line 447
    Found 8-bit comparator greater for signal <tmp_data[4][7]_tmp_data[5][7]_LessThan_331_o> created at line 447
    Found 8-bit comparator greater for signal <tmp_data[3][7]_tmp_data[5][7]_LessThan_332_o> created at line 447
    Found 8-bit comparator greater for signal <tmp_data[5][7]_tmp_data[4][7]_LessThan_335_o> created at line 447
    Found 8-bit comparator greater for signal <tmp_data[5][7]_tmp_data[3][7]_LessThan_336_o> created at line 447
    Found 8-bit comparator greater for signal <tmp_data[7][7]_tmp_data[8][7]_LessThan_341_o> created at line 447
    Found 8-bit comparator greater for signal <tmp_data[6][7]_tmp_data[8][7]_LessThan_342_o> created at line 447
    Found 8-bit comparator greater for signal <tmp_data[8][7]_tmp_data[7][7]_LessThan_345_o> created at line 447
    Found 8-bit comparator greater for signal <tmp_data[8][7]_tmp_data[6][7]_LessThan_346_o> created at line 447
    Found 8-bit comparator lessequal for signal <n0257> created at line 454
    Found 8-bit comparator lessequal for signal <n0259> created at line 454
    Found 8-bit comparator lessequal for signal <n0263> created at line 454
    Found 8-bit comparator lessequal for signal <n0265> created at line 454
    Found 8-bit comparator lessequal for signal <n0269> created at line 454
    Found 8-bit comparator lessequal for signal <n0271> created at line 454
    Summary:
	inferred   1 RAM(s).
	inferred   2 Multiplier(s).
	inferred  11 Adder/Subtractor(s).
	inferred 227 D-type flip-flop(s).
	inferred   4 Latch(s).
	inferred  37 Comparator(s).
	inferred 101 Multiplexer(s).
	inferred   2 Finite State Machine(s).
Unit <MedianFilter> synthesized.

=========================================================================
HDL Synthesis Report

Macro Statistics
# RAMs                                                 : 1
 8x3-bit single-port Read Only RAM                     : 1
# Multipliers                                          : 2
 32x8-bit multiplier                                   : 2
# Adders/Subtractors                                   : 11
 32-bit adder                                          : 1
 32-bit subtractor                                     : 1
 4-bit adder                                           : 2
 5-bit adder                                           : 1
 8-bit adder                                           : 2
 8-bit subtractor                                      : 2
 9-bit subtractor                                      : 2
# Registers                                            : 20
 1-bit register                                        : 8
 3-bit register                                        : 1
 4-bit register                                        : 2
 5-bit register                                        : 1
 72-bit register                                       : 1
 8-bit register                                        : 4
 81-bit register                                       : 1
 9-bit register                                        : 2
# Latches                                              : 4
 1-bit latch                                           : 4
# Comparators                                          : 37
 4-bit comparator greater                              : 7
 8-bit comparator equal                                : 1
 8-bit comparator greater                              : 20
 8-bit comparator lessequal                            : 9
# Multiplexers                                         : 101
 1-bit 2-to-1 multiplexer                              : 22
 1-bit 5-to-1 multiplexer                              : 1
 32-bit 2-to-1 multiplexer                             : 2
 4-bit 2-to-1 multiplexer                              : 6
 5-bit 2-to-1 multiplexer                              : 7
 8-bit 2-to-1 multiplexer                              : 40
 81-bit 2-to-1 multiplexer                             : 2
 9-bit 2-to-1 multiplexer                              : 21
# FSMs                                                 : 2

=========================================================================
INFO:Xst:1767 - HDL ADVISOR - Resource sharing has identified that some arithmetic operations in this design can share the same physical resources for reduced device utilization. For improved clock frequency you may try to disable resource sharing.

=========================================================================
*                       Advanced HDL Synthesis                          *
=========================================================================

Reading core <ipcore_dir/Mvram_x.ngc>.
Loading core <Mvram_x> for timing and area information for instance <your_instance_name>.
WARNING:Xst:2677 - Node <tmp_data_8_62> of sequential type is unconnected in block <mfilter>.
WARNING:Xst:2677 - Node <tmp_data_8_71> of sequential type is unconnected in block <mfilter>.
WARNING:Xst:2677 - Node <tmp_data_8_80> of sequential type is unconnected in block <mfilter>.

Synthesizing (advanced) Unit <MedianFilter>.
The following registers are absorbed into counter <center_y>: 1 register on signal <center_y>.
INFO:Xst:3218 - HDL ADVISOR - The RAM <Mram__n1217> will be implemented on LUTs either because you have described an asynchronous read or because of currently unsupported block RAM features. If you have described an asynchronous read, making it synchronous would allow you to take advantage of available block RAM resources, for optimized device usage and improved timings. Please refer to your documentation for coding guidelines.
    -----------------------------------------------------------------------
    | ram_type           | Distributed                         |          |
    -----------------------------------------------------------------------
    | Port A                                                              |
    |     aspect ratio   | 8-word x 3-bit                      |          |
    |     weA            | connected to signal <GND>           | high     |
    |     addrA          | connected to signal <state>         |          |
    |     diA            | connected to signal <GND>           |          |
    |     doA            | connected to internal node          |          |
    -----------------------------------------------------------------------
Unit <MedianFilter> synthesized (advanced).
WARNING:Xst:2677 - Node <tmp_data_8_62> of sequential type is unconnected in block <MedianFilter>.
WARNING:Xst:2677 - Node <tmp_data_8_71> of sequential type is unconnected in block <MedianFilter>.
WARNING:Xst:2677 - Node <tmp_data_8_80> of sequential type is unconnected in block <MedianFilter>.

=========================================================================
Advanced HDL Synthesis Report

Macro Statistics
# RAMs                                                 : 1
 8x3-bit single-port distributed Read Only RAM         : 1
# Multipliers                                          : 2
 32x8-bit multiplier                                   : 2
# Adders/Subtractors                                   : 11
 16-bit adder                                          : 1
 16-bit subtractor                                     : 1
 4-bit adder                                           : 2
 5-bit adder                                           : 1
 8-bit adder                                           : 2
 8-bit subtractor                                      : 2
 9-bit subtractor                                      : 2
# Counters                                             : 1
 8-bit up counter                                      : 1
# Registers                                            : 216
 Flip-Flops                                            : 216
# Comparators                                          : 37
 4-bit comparator greater                              : 7
 8-bit comparator equal                                : 1
 8-bit comparator greater                              : 20
 8-bit comparator lessequal                            : 9
# Multiplexers                                         : 172
 1-bit 2-to-1 multiplexer                              : 102
 1-bit 5-to-1 multiplexer                              : 1
 32-bit 2-to-1 multiplexer                             : 2
 4-bit 2-to-1 multiplexer                              : 6
 5-bit 2-to-1 multiplexer                              : 7
 8-bit 2-to-1 multiplexer                              : 40
 81-bit 2-to-1 multiplexer                             : 2
 9-bit 2-to-1 multiplexer                              : 12
# FSMs                                                 : 2

=========================================================================

=========================================================================
*                         Low Level Synthesis                           *
=========================================================================
Analyzing FSM <MFsm> for best encoding.
Optimizing FSM <mfilter/FSM_0> on signal <dataState[1:2]> with gray encoding.
-------------------
 State | Encoding
-------------------
 00    | 00
 01    | 01
 10    | 11
-------------------
Analyzing FSM <MFsm> for best encoding.
Optimizing FSM <mfilter/FSM_1> on signal <c0[1:2]> with user encoding.
-------------------
 State | Encoding
-------------------
 00    | 00
 01    | 01
 10    | 10
-------------------
WARNING:Xst:1710 - FF/Latch <medfilt_data_8> (without init value) has a constant value of 0 in block <MedianFilter>. This FF/Latch will be trimmed during the optimization process.
WARNING:Xst:2677 - Node <r_data_7_8> of sequential type is unconnected in block <MedianFilter>.
WARNING:Xst:2677 - Node <r_data_7_17> of sequential type is unconnected in block <MedianFilter>.
WARNING:Xst:2677 - Node <r_data_7_26> of sequential type is unconnected in block <MedianFilter>.
WARNING:Xst:2677 - Node <r_data_7_35> of sequential type is unconnected in block <MedianFilter>.
WARNING:Xst:2677 - Node <r_data_7_44> of sequential type is unconnected in block <MedianFilter>.
WARNING:Xst:2677 - Node <r_data_7_53> of sequential type is unconnected in block <MedianFilter>.
WARNING:Xst:2677 - Node <r_data_7_62> of sequential type is unconnected in block <MedianFilter>.
WARNING:Xst:2677 - Node <r_data_7_71> of sequential type is unconnected in block <MedianFilter>.
WARNING:Xst:2677 - Node <tmp_data_8_8> of sequential type is unconnected in block <MedianFilter>.
WARNING:Xst:2677 - Node <tmp_data_8_17> of sequential type is unconnected in block <MedianFilter>.
WARNING:Xst:2677 - Node <tmp_data_8_26> of sequential type is unconnected in block <MedianFilter>.
WARNING:Xst:2677 - Node <tmp_data_8_35> of sequential type is unconnected in block <MedianFilter>.
WARNING:Xst:2677 - Node <tmp_data_8_44> of sequential type is unconnected in block <MedianFilter>.
WARNING:Xst:2677 - Node <tmp_data_8_53> of sequential type is unconnected in block <MedianFilter>.
WARNING:Xst:2677 - Node <Mmult_n03461> of sequential type is unconnected in block <MedianFilter>.
WARNING:Xst:2677 - Node <Mmult_n03421> of sequential type is unconnected in block <MedianFilter>.

Optimizing unit <top_testMF> ...

Optimizing unit <MedianFilter> ...
WARNING:Xst:1710 - FF/Latch <c2_2> (without init value) has a constant value of 0 in block <MedianFilter>. This FF/Latch will be trimmed during the optimization process.
WARNING:Xst:1895 - Due to other FF/Latch trimming, FF/Latch <tmp_data_8_7> (without init value) has a constant value of 0 in block <MedianFilter>. This FF/Latch will be trimmed during the optimization process.
WARNING:Xst:1710 - FF/Latch <c2_3> (without init value) has a constant value of 0 in block <MedianFilter>. This FF/Latch will be trimmed during the optimization process.
WARNING:Xst:1710 - FF/Latch <c1_4> (without init value) has a constant value of 0 in block <MedianFilter>. This FF/Latch will be trimmed during the optimization process.
WARNING:Xst:1710 - FF/Latch <mfilter/tmp_data_8_6> (without init value) has a constant value of 0 in block <top_testMF>. This FF/Latch will be trimmed during the optimization process.
WARNING:Xst:1895 - Due to other FF/Latch trimming, FF/Latch <mfilter/tmp_data_8_5> (without init value) has a constant value of 0 in block <top_testMF>. This FF/Latch will be trimmed during the optimization process.
WARNING:Xst:1895 - Due to other FF/Latch trimming, FF/Latch <mfilter/tmp_data_8_4> (without init value) has a constant value of 0 in block <top_testMF>. This FF/Latch will be trimmed during the optimization process.
WARNING:Xst:1895 - Due to other FF/Latch trimming, FF/Latch <mfilter/tmp_data_8_3> (without init value) has a constant value of 0 in block <top_testMF>. This FF/Latch will be trimmed during the optimization process.
WARNING:Xst:1895 - Due to other FF/Latch trimming, FF/Latch <mfilter/tmp_data_8_2> (without init value) has a constant value of 0 in block <top_testMF>. This FF/Latch will be trimmed during the optimization process.
WARNING:Xst:1895 - Due to other FF/Latch trimming, FF/Latch <mfilter/tmp_data_8_1> (without init value) has a constant value of 0 in block <top_testMF>. This FF/Latch will be trimmed during the optimization process.
WARNING:Xst:1895 - Due to other FF/Latch trimming, FF/Latch <mfilter/tmp_data_8_0> (without init value) has a constant value of 0 in block <top_testMF>. This FF/Latch will be trimmed during the optimization process.
INFO:Xst:2261 - The FF/Latch <mfilter/c0_FSM_FFd1> in Unit <top_testMF> is equivalent to the following FF/Latch, which will be removed : <mfilter/cout_fin> 

Mapping all equations...
Building and optimizing final netlist ...
Found area constraint ratio of 100 (+ 5) on block top_testMF, actual ratio is 0.

Final Macro Processing ...

=========================================================================
Final Register Report

Macro Statistics
# Registers                                            : 201
 Flip-Flops                                            : 201

=========================================================================

=========================================================================
*                           Partition Report                            *
=========================================================================

Partition Implementation Status
-------------------------------

  No Partitions were found in this design.

-------------------------------

=========================================================================
*                            Design Summary                             *
=========================================================================

Top Level Output File Name         : top_testMF.ngc

Primitive and Black Box Usage:
------------------------------
# BELS                             : 820
#      GND                         : 2
#      INV                         : 4
#      LUT1                        : 7
#      LUT2                        : 37
#      LUT3                        : 82
#      LUT4                        : 99
#      LUT5                        : 152
#      LUT6                        : 341
#      MUXCY                       : 22
#      MUXF7                       : 39
#      MUXF8                       : 9
#      VCC                         : 2
#      XORCY                       : 24
# FlipFlops/Latches                : 209
#      FDC                         : 6
#      FDCE                        : 10
#      FDE                         : 170
#      FDR                         : 3
#      FDRE                        : 15
#      FDSE                        : 1
#      LD                          : 4
# RAMS                             : 16
#      RAMB36E1                    : 16
# Clock Buffers                    : 2
#      BUFG                        : 1
#      BUFGP                       : 1
# IO Buffers                       : 45
#      IBUF                        : 20
#      OBUF                        : 25
# DSPs                             : 2
#      DSP48E1                     : 2

Device utilization summary:
---------------------------

Selected Device : 7vx330tffg1157-3 


Slice Logic Utilization: 
 Number of Slice Registers:             208  out of  408000     0%  
 Number of Slice LUTs:                  722  out of  204000     0%  
    Number used as Logic:               722  out of  204000     0%  

Slice Logic Distribution: 
 Number of LUT Flip Flop pairs used:    729
   Number with an unused Flip Flop:     521  out of    729    71%  
   Number with an unused LUT:             7  out of    729     0%  
   Number of fully used LUT-FF pairs:   201  out of    729    27%  
   Number of unique control sets:        20

IO Utilization: 
 Number of IOs:                          46
 Number of bonded IOBs:                  46  out of    600     7%  
    IOB Flip Flops/Latches:               1

Specific Feature Utilization:
 Number of Block RAM/FIFO:               16  out of    750     2%  
    Number using Block RAM only:         16
 Number of BUFG/BUFGCTRLs:                2  out of     32     6%  
 Number of DSP48E1s:                      2  out of   1120     0%  

---------------------------
Partition Resource Summary:
---------------------------

  No Partitions were found in this design.

---------------------------


=========================================================================
Timing Report

NOTE: THESE TIMING NUMBERS ARE ONLY A SYNTHESIS ESTIMATE.
      FOR ACCURATE TIMING INFORMATION PLEASE REFER TO THE TRACE REPORT
      GENERATED AFTER PLACE-and-ROUTE.

Clock Information:
------------------
----------------------------------------------+------------------------------+-------+
Clock Signal                                  | Clock buffer(FF name)        | Load  |
----------------------------------------------+------------------------------+-------+
CLK                                           | BUFGP                        | 201   |
mfilter/Mram__n1217(mfilter/Mram__n121711:O)  | NONE(*)(mfilter/next_state_1)| 3     |
mfilter/Mram__n12171(mfilter/Mram__n1217111:O)| NONE(*)(mfilter/tmp_sig)     | 1     |
Slow_clk                                      | IBUF+BUFG                    | 20    |
----------------------------------------------+------------------------------+-------+
(*) These 2 clock signal(s) are generated by combinatorial logic,
and XST is not able to identify which are the primary clock signals.
Please use the CLOCK_SIGNAL constraint to specify the clock signal(s) generated by combinatorial logic.
INFO:Xst:2169 - HDL ADVISOR - Some clock signals were not automatically buffered by XST with BUFG/BUFR resources. Please use the buffer_type constraint in order to insert these buffers to the clock signals to help prevent skew problems.

Asynchronous Control Signals Information:
----------------------------------------
---------------------------------------------------+---------------------------------------------------------------------------------------------------------------------------------------------------------+-------+
Control Signal                                     | Buffer(FF name)                                                                                                                                         | Load  |
---------------------------------------------------+---------------------------------------------------------------------------------------------------------------------------------------------------------+-------+
your_instance_name/N1(your_instance_name/XST_GND:G)| NONE(your_instance_name/U0/xst_blk_mem_generator/gnativebmg.native_blk_mem_gen/valid.cstr/ramloop[5].ram.r/v6_init.ram/NO_BMM_INFO.SP.SIMPLE_PRIM36.ram)| 32    |
---------------------------------------------------+---------------------------------------------------------------------------------------------------------------------------------------------------------+-------+

Timing Summary:
---------------
Speed Grade: -3

   Minimum period: 2.959ns (Maximum Frequency: 337.986MHz)
   Minimum input arrival time before clock: 4.539ns
   Maximum output required time after clock: 1.090ns
   Maximum combinational path delay: No path found

Timing Details:
---------------
All values displayed in nanoseconds (ns)

=========================================================================
Timing constraint: Default period analysis for Clock 'CLK'
  Clock period: 2.959ns (frequency: 337.986MHz)
  Total number of paths / destination ports: 22666 / 409
-------------------------------------------------------------------------
Delay:               2.959ns (Levels of Logic = 6)
  Source:            mfilter/tmp_data_8_68 (FF)
  Destination:       mfilter/tmp_data_8_77 (FF)
  Source Clock:      CLK rising
  Destination Clock: CLK rising

  Data Path: mfilter/tmp_data_8_68 to mfilter/tmp_data_8_77
                                Gate     Net
    Cell:in->out      fanout   Delay   Delay  Logical Name (Net Name)
    ----------------------------------------  ------------
     FDE:C->Q             14   0.232   0.516  mfilter/tmp_data_8_68 (mfilter/tmp_data_8_68)
     LUT4:I0->O            3   0.043   0.353  mfilter/n0211111 (mfilter/n021111)
     LUT6:I4->O           11   0.043   0.474  mfilter/tmp_data[0][7]_tmp_data[1][7]_LessThan_353_o242 (mfilter/tmp_data[0][7]_tmp_data[1][7]_LessThan_353_o242)
     LUT6:I3->O            4   0.043   0.442  mfilter/Mmux_tmp_data[1][7]_tmp_data[0][7]_mux_353_OUT71 (mfilter/tmp_data[1][7]_tmp_data[0][7]_mux_353_OUT<6>)
     LUT6:I3->O            1   0.043   0.343  mfilter/tmp_data[1][7]_tmp_data[2][7]_LessThan_352_o101_SW4_SW0 (N291)
     LUT6:I4->O           12   0.043   0.340  mfilter/tmp_data[1][7]_tmp_data[2][7]_LessThan_352_o101 (mfilter/tmp_data[1][7]_tmp_data[2][7]_LessThan_352_o)
     LUT6:I5->O            1   0.043   0.000  mfilter/Mmux__n0539162 (mfilter/_n0539<23>)
     FDE:D                    -0.001          mfilter/tmp_data_8_23
    ----------------------------------------
    Total                      2.959ns (0.490ns logic, 2.469ns route)
                                       (16.6% logic, 83.4% route)

=========================================================================
Timing constraint: Default OFFSET IN BEFORE for Clock 'CLK'
  Total number of paths / destination ports: 409 / 44
-------------------------------------------------------------------------
Offset:              2.024ns (Levels of Logic = 6)
  Source:            width<2> (PAD)
  Destination:       mfilter/idata_8 (FF)
  Destination Clock: CLK rising

  Data Path: width<2> to mfilter/idata_8
                                Gate     Net
    Cell:in->out      fanout   Delay   Delay  Logical Name (Net Name)
    ----------------------------------------  ------------
     IBUF:I->O             4   0.000   0.556  width_2_IBUF (width_2_IBUF)
     LUT6:I1->O            1   0.043   0.289  mfilter/width[7]_addr_col[7]_LessThan_55_o2 (mfilter/width[7]_addr_col[7]_LessThan_55_o1)
     LUT3:I2->O            1   0.043   0.289  mfilter/width[7]_addr_col[7]_LessThan_55_o12_SW0 (N397)
     LUT5:I4->O            2   0.043   0.347  mfilter/width[7]_addr_col[7]_LessThan_55_o12 (mfilter/width[7]_addr_col[7]_LessThan_55_o2)
     LUT6:I4->O            9   0.043   0.326  mfilter/_n0754_inv1_rstpot (mfilter/_n0754_inv1_rstpot)
     LUT5:I4->O            1   0.043   0.000  mfilter/idata_0_dpot (mfilter/idata_0_dpot)
     FDCE:D                   -0.001          mfilter/idata_0
    ----------------------------------------
    Total                      2.024ns (0.215ns logic, 1.809ns route)
                                       (10.6% logic, 89.4% route)

=========================================================================
Timing constraint: Default OFFSET IN BEFORE for Clock 'mfilter/Mram__n1217'
  Total number of paths / destination ports: 3 / 2
-------------------------------------------------------------------------
Offset:              0.773ns (Levels of Logic = 3)
  Source:            enable (PAD)
  Destination:       mfilter/next_state_0 (LATCH)
  Destination Clock: mfilter/Mram__n1217 falling

  Data Path: enable to mfilter/next_state_0
                                Gate     Net
    Cell:in->out      fanout   Delay   Delay  Logical Name (Net Name)
    ----------------------------------------  ------------
     IBUF:I->O             1   0.000   0.343  enable_IBUF (enable_IBUF)
     LUT6:I4->O            1   0.043   0.343  mfilter/Mmux_state[2]_next_state[2]_wide_mux_13_OUT<0>22 (mfilter/Mmux_state[2]_next_state[2]_wide_mux_13_OUT<0>21)
     LUT3:I1->O            1   0.043   0.000  mfilter/Mmux_state[2]_next_state[2]_wide_mux_13_OUT<0>23 (mfilter/state[2]_next_state[2]_wide_mux_13_OUT<0>)
     LD:D                     -0.035          mfilter/next_state_0
    ----------------------------------------
    Total                      0.773ns (0.086ns logic, 0.687ns route)
                                       (11.1% logic, 88.9% route)

=========================================================================
Timing constraint: Default OFFSET IN BEFORE for Clock 'Slow_clk'
  Total number of paths / destination ports: 2592 / 4
-------------------------------------------------------------------------
Offset:              4.539ns (Levels of Logic = 20)
  Source:            width<7> (PAD)
  Destination:       your_instance_name/U0/xst_blk_mem_generator/gnativebmg.native_blk_mem_gen/valid.cstr/has_mux_a.A/sel_pipe_3 (FF)
  Destination Clock: Slow_clk rising

  Data Path: width<7> to your_instance_name/U0/xst_blk_mem_generator/gnativebmg.native_blk_mem_gen/valid.cstr/has_mux_a.A/sel_pipe_3
                                Gate     Net
    Cell:in->out      fanout   Delay   Delay  Logical Name (Net Name)
    ----------------------------------------  ------------
     IBUF:I->O             8   0.000   0.312  width_7_IBUF (width_7_IBUF)
     DSP48E1:B7->P1        1   2.280   0.550  mfilter/Mmult_n0346 (mfilter/n0346<1>)
     LUT6:I0->O            2   0.043   0.347  mfilter/Mmux_n0302_A_A81 (mfilter/Mmux_n0302_A_rs_A<1>)
     LUT2:I0->O            1   0.043   0.289  mfilter/Mmux_n0302_rs_Madd1 (mfilter/Mmux_n0302_rs_Madd1)
     LUT3:I2->O            1   0.043   0.000  mfilter/Mmux_n0302_rs_Madd_lut<0>2 (mfilter/Mmux_n0302_rs_Madd_lut<0>2)
     MUXCY:S->O            1   0.230   0.000  mfilter/Mmux_n0302_rs_Madd_cy<0>_1 (mfilter/Mmux_n0302_rs_Madd_cy<0>2)
     MUXCY:CI->O           1   0.012   0.000  mfilter/Mmux_n0302_rs_Madd_cy<0>_2 (mfilter/Mmux_n0302_rs_Madd_cy<0>3)
     MUXCY:CI->O           1   0.012   0.000  mfilter/Mmux_n0302_rs_Madd_cy<0>_3 (mfilter/Mmux_n0302_rs_Madd_cy<0>4)
     MUXCY:CI->O           1   0.012   0.000  mfilter/Mmux_n0302_rs_Madd_cy<0>_4 (mfilter/Mmux_n0302_rs_Madd_cy<0>5)
     MUXCY:CI->O           1   0.012   0.000  mfilter/Mmux_n0302_rs_Madd_cy<0>_5 (mfilter/Mmux_n0302_rs_Madd_cy<0>6)
     MUXCY:CI->O           1   0.012   0.000  mfilter/Mmux_n0302_rs_Madd_cy<0>_6 (mfilter/Mmux_n0302_rs_Madd_cy<0>7)
     MUXCY:CI->O           1   0.012   0.000  mfilter/Mmux_n0302_rs_Madd_cy<0>_7 (mfilter/Mmux_n0302_rs_Madd_cy<0>8)
     MUXCY:CI->O           1   0.012   0.000  mfilter/Mmux_n0302_rs_Madd_cy<0>_8 (mfilter/Mmux_n0302_rs_Madd_cy<0>9)
     MUXCY:CI->O           1   0.012   0.000  mfilter/Mmux_n0302_rs_Madd_cy<0>_9 (mfilter/Mmux_n0302_rs_Madd_cy<0>10)
     MUXCY:CI->O           1   0.012   0.000  mfilter/Mmux_n0302_rs_Madd_cy<0>_10 (mfilter/Mmux_n0302_rs_Madd_cy<0>11)
     MUXCY:CI->O           1   0.012   0.000  mfilter/Mmux_n0302_rs_Madd_cy<0>_11 (mfilter/Mmux_n0302_rs_Madd_cy<0>12)
     MUXCY:CI->O           1   0.012   0.000  mfilter/Mmux_n0302_rs_Madd_cy<0>_12 (mfilter/Mmux_n0302_rs_Madd_cy<0>13)
     MUXCY:CI->O           0   0.013   0.000  mfilter/Mmux_n0302_rs_Madd_cy<0>_13 (mfilter/Mmux_n0302_rs_Madd_cy<0>14)
     XORCY:CI->O          17   0.251   0.000  mfilter/Mmux_n0302_rs_Madd_xor<0>_14 (index<15>)
     begin scope: 'your_instance_name:addra<15>'
     FDE:D                    -0.001          U0/xst_blk_mem_generator/gnativebmg.native_blk_mem_gen/valid.cstr/has_mux_a.A/sel_pipe_3
    ----------------------------------------
    Total                      4.539ns (3.040ns logic, 1.499ns route)
                                       (67.0% logic, 33.0% route)

=========================================================================
Timing constraint: Default OFFSET OUT AFTER for Clock 'CLK'
  Total number of paths / destination ports: 40 / 24
-------------------------------------------------------------------------
Offset:              1.090ns (Levels of Logic = 2)
  Source:            mfilter/mfgen_start (FF)
  Destination:       gdata<7> (PAD)
  Source Clock:      CLK rising

  Data Path: mfilter/mfgen_start to gdata<7>
                                Gate     Net
    Cell:in->out      fanout   Delay   Delay  Logical Name (Net Name)
    ----------------------------------------  ------------
     FDE:C->Q             38   0.232   0.536  mfilter/mfgen_start (mfilter/mfgen_start)
     LUT3:I0->O            1   0.043   0.279  mfilter/mux7111 (gdata_7_OBUF)
     OBUF:I->O                 0.000          gdata_7_OBUF (gdata<7>)
    ----------------------------------------
    Total                      1.090ns (0.275ns logic, 0.815ns route)
                                       (25.2% logic, 74.8% route)

=========================================================================
Timing constraint: Default OFFSET OUT AFTER for Clock 'mfilter/Mram__n12171'
  Total number of paths / destination ports: 1 / 1
-------------------------------------------------------------------------
Offset:              0.605ns (Levels of Logic = 1)
  Source:            mfilter/tmp_sig (LATCH)
  Destination:       Gvector_sig (PAD)
  Source Clock:      mfilter/Mram__n12171 falling

  Data Path: mfilter/tmp_sig to Gvector_sig
                                Gate     Net
    Cell:in->out      fanout   Delay   Delay  Logical Name (Net Name)
    ----------------------------------------  ------------
     LD:G->Q               1   0.326   0.279  mfilter/tmp_sig (mfilter/tmp_sig)
     OBUF:I->O                 0.000          Gvector_sig_OBUF (Gvector_sig)
    ----------------------------------------
    Total                      0.605ns (0.326ns logic, 0.279ns route)
                                       (53.9% logic, 46.1% route)

=========================================================================

Cross Clock Domains Report:
--------------------------

Clock to Setup on destination clock CLK
-------------------+---------+---------+---------+---------+
                   | Src:Rise| Src:Fall| Src:Rise| Src:Fall|
Source Clock       |Dest:Rise|Dest:Rise|Dest:Fall|Dest:Fall|
-------------------+---------+---------+---------+---------+
CLK                |    2.959|         |         |         |
Slow_clk           |    1.813|         |         |         |
mfilter/Mram__n1217|         |    0.605|         |         |
-------------------+---------+---------+---------+---------+

Clock to Setup on destination clock Slow_clk
---------------+---------+---------+---------+---------+
               | Src:Rise| Src:Fall| Src:Rise| Src:Fall|
Source Clock   |Dest:Rise|Dest:Rise|Dest:Fall|Dest:Fall|
---------------+---------+---------+---------+---------+
CLK            |    5.855|         |         |         |
---------------+---------+---------+---------+---------+

Clock to Setup on destination clock mfilter/Mram__n1217
---------------+---------+---------+---------+---------+
               | Src:Rise| Src:Fall| Src:Rise| Src:Fall|
Source Clock   |Dest:Rise|Dest:Rise|Dest:Fall|Dest:Fall|
---------------+---------+---------+---------+---------+
CLK            |         |         |    1.561|         |
---------------+---------+---------+---------+---------+

Clock to Setup on destination clock mfilter/Mram__n12171
---------------+---------+---------+---------+---------+
               | Src:Rise| Src:Fall| Src:Rise| Src:Fall|
Source Clock   |Dest:Rise|Dest:Rise|Dest:Fall|Dest:Fall|
---------------+---------+---------+---------+---------+
CLK            |         |         |    0.814|         |
---------------+---------+---------+---------+---------+

=========================================================================


Total REAL time to Xst completion: 26.00 secs
Total CPU time to Xst completion: 26.46 secs
 
--> 

Total memory usage is 442656 kilobytes

Number of errors   :    0 (   0 filtered)
Number of warnings :   41 (   0 filtered)
Number of infos    :    4 (   0 filtered)

